inv_x1 metal2_conn,metal1_conn,psubstrate,cont_poly,poly_conn,Via1,nwell_conn cont_ndiff,ndiff_conn,_nmos1v,cont_pdiff,ptap,_pmos1v,pdiff_conn,ntap
M1_PSUB_CDNS_764110544155 metal1_conn,cont_pdiff,ptap,pdiff_conn NULL
M1_NWELL_CDNS_764110544154 metal1_conn,cont_ndiff,ndiff_conn,nwell_conn,ntap NULL
tristateinv_x1 metal2_conn,metal1_conn,psubstrate,cont_poly,poly_conn,Via1,nwell_conn cont_ndiff,ndiff_conn,_nmos1v,cont_pdiff,ptap,_pmos1v,pdiff_conn,ntap
pmos1v_CDNS_764110544152 metal1_conn,psubstrate,poly_conn,cont_pdiff,pdiff_conn,_pmos1v,nwell_conn NULL
pmos1v_CDNS_764110544153 metal1_conn,psubstrate,poly_conn,cont_pdiff,pdiff_conn,_pmos1v,nwell_conn NULL
pmos1v_CDNS_764110544154 metal1_conn,psubstrate,poly_conn,cont_pdiff,pdiff_conn,_pmos1v,nwell_conn NULL
nmos1v_CDNS_764110544150 metal1_conn,cont_ndiff,psubstrate,ndiff_conn,poly_conn,_nmos1v NULL
nmos1v_CDNS_764110544151 metal1_conn,cont_ndiff,psubstrate,ndiff_conn,poly_conn,_nmos1v NULL
nmos1v_CDNS_764110544155 metal1_conn,cont_ndiff,psubstrate,ndiff_conn,poly_conn,_nmos1v NULL
