Release 14.7 - xst P.20131013 (lin64)
Copyright (c) 1995-2013 Xilinx, Inc.  All rights reserved.
--> 
Parameter TMPDIR set to xst/projnav.tmp


Total REAL time to Xst completion: 0.00 secs
Total CPU time to Xst completion: 0.16 secs
 
--> 
Parameter xsthdpdir set to xst


Total REAL time to Xst completion: 0.00 secs
Total CPU time to Xst completion: 0.16 secs
 
--> 
Reading design: logic.prj

TABLE OF CONTENTS
  1) Synthesis Options Summary
  2) HDL Parsing
  3) HDL Elaboration
  4) HDL Synthesis
       4.1) HDL Synthesis Report
  5) Advanced HDL Synthesis
       5.1) Advanced HDL Synthesis Report
  6) Low Level Synthesis
  7) Partition Report
  8) Design Summary
       8.1) Primitive and Black Box Usage
       8.2) Device utilization summary
       8.3) Partition Resource Summary
       8.4) Timing Report
            8.4.1) Clock Information
            8.4.2) Asynchronous Control Signals Information
            8.4.3) Timing Summary
            8.4.4) Timing Details
            8.4.5) Cross Clock Domains Report


=========================================================================
*                      Synthesis Options Summary                        *
=========================================================================
---- Source Parameters
Input File Name                    : "logic.prj"
Ignore Synthesis Constraint File   : NO

---- Target Parameters
Output File Name                   : "logic"
Output Format                      : NGC
Target Device                      : xc6slx16-3-csg324

---- Source Options
Top Module Name                    : logic
Automatic FSM Extraction           : YES
FSM Encoding Algorithm             : Auto
Safe Implementation                : No
FSM Style                          : LUT
RAM Extraction                     : Yes
RAM Style                          : Auto
ROM Extraction                     : Yes
Shift Register Extraction          : YES
ROM Style                          : Auto
Resource Sharing                   : YES
Asynchronous To Synchronous        : NO
Shift Register Minimum Size        : 2
Use DSP Block                      : Auto
Automatic Register Balancing       : No

---- Target Options
LUT Combining                      : Auto
Reduce Control Sets                : Auto
Add IO Buffers                     : YES
Global Maximum Fanout              : 100000
Add Generic Clock Buffer(BUFG)     : 16
Register Duplication               : YES
Optimize Instantiated Primitives   : NO
Use Clock Enable                   : Auto
Use Synchronous Set                : Auto
Use Synchronous Reset              : Auto
Pack IO Registers into IOBs        : Auto
Equivalent register Removal        : YES

---- General Options
Optimization Goal                  : Speed
Optimization Effort                : 1
Power Reduction                    : NO
Keep Hierarchy                     : No
Netlist Hierarchy                  : As_Optimized
RTL Output                         : Yes
Global Optimization                : AllClockNets
Read Cores                         : YES
Write Timing Constraints           : NO
Cross Clock Analysis               : NO
Hierarchy Separator                : /
Bus Delimiter                      : <>
Case Specifier                     : Maintain
Slice Utilization Ratio            : 100
BRAM Utilization Ratio             : 100
DSP48 Utilization Ratio            : 100
Auto BRAM Packing                  : NO
Slice Utilization Ratio Delta      : 5

=========================================================================


=========================================================================
*                          HDL Parsing                                  *
=========================================================================
Parsing VHDL file "/home/watto/Documents/ISE Projects/Fumiga/logic.vhd" into library work
Parsing entity <logic>.
Parsing architecture <Behavioral> of entity <logic>.

=========================================================================
*                            HDL Elaboration                            *
=========================================================================

Elaborating entity <logic> (architecture <Behavioral>) from library <work>.

=========================================================================
*                           HDL Synthesis                               *
=========================================================================

Synthesizing Unit <logic>.
    Related source file is "/home/watto/Documents/ISE Projects/Fumiga/logic.vhd".
    Found 7-bit register for signal <disp>.
    Found 27-bit register for signal <cont>.
    Found 27-bit adder for signal <cont[26]_GND_3_o_add_1_OUT> created at line 50.
    Found 27-bit comparator greater for signal <cont[26]_PWR_3_o_LessThan_1_o> created at line 50
    Found 27-bit comparator greater for signal <GND_3_o_GND_3_o_LessThan_4_o> created at line 53
    Found 27-bit comparator greater for signal <GND_3_o_PWR_3_o_LessThan_5_o> created at line 56
    WARNING:Xst:2404 -  FFs/Latches <sel<1:3>> (without init value) have a constant value of 1 in block <logic>.
    WARNING:Xst:2404 -  FFs/Latches <sel<3:3>> (without init value) have a constant value of 0 in block <logic>.
    Summary:
	inferred   1 Adder/Subtractor(s).
	inferred  34 D-type flip-flop(s).
	inferred   3 Comparator(s).
	inferred   1 Multiplexer(s).
Unit <logic> synthesized.

=========================================================================
HDL Synthesis Report

Macro Statistics
# Adders/Subtractors                                   : 1
 27-bit adder                                          : 1
# Registers                                            : 2
 27-bit register                                       : 1
 7-bit register                                        : 1
# Comparators                                          : 3
 27-bit comparator greater                             : 3
# Multiplexers                                         : 1
 27-bit 2-to-1 multiplexer                             : 1

=========================================================================

=========================================================================
*                       Advanced HDL Synthesis                          *
=========================================================================

WARNING:Xst:1710 - FF/Latch <disp_3> (without init value) has a constant value of 1 in block <logic>. This FF/Latch will be trimmed during the optimization process.
WARNING:Xst:1895 - Due to other FF/Latch trimming, FF/Latch <disp_4> (without init value) has a constant value of 1 in block <logic>. This FF/Latch will be trimmed during the optimization process.
WARNING:Xst:1895 - Due to other FF/Latch trimming, FF/Latch <disp_5> (without init value) has a constant value of 1 in block <logic>. This FF/Latch will be trimmed during the optimization process.
WARNING:Xst:1895 - Due to other FF/Latch trimming, FF/Latch <disp_6> (without init value) has a constant value of 1 in block <logic>. This FF/Latch will be trimmed during the optimization process.

Synthesizing (advanced) Unit <logic>.
The following registers are absorbed into counter <cont>: 1 register on signal <cont>.
Unit <logic> synthesized (advanced).

=========================================================================
Advanced HDL Synthesis Report

Macro Statistics
# Adders/Subtractors                                   : 1
 27-bit adder                                          : 1
# Counters                                             : 1
 27-bit up counter                                     : 1
# Registers                                            : 7
 Flip-Flops                                            : 7
# Comparators                                          : 3
 27-bit comparator greater                             : 3
# Multiplexers                                         : 1
 27-bit 2-to-1 multiplexer                             : 1

=========================================================================

=========================================================================
*                         Low Level Synthesis                           *
=========================================================================
WARNING:Xst:1710 - FF/Latch <disp_3> (without init value) has a constant value of 1 in block <logic>. This FF/Latch will be trimmed during the optimization process.
WARNING:Xst:1895 - Due to other FF/Latch trimming, FF/Latch <disp_4> (without init value) has a constant value of 1 in block <logic>. This FF/Latch will be trimmed during the optimization process.
WARNING:Xst:1895 - Due to other FF/Latch trimming, FF/Latch <disp_5> (without init value) has a constant value of 1 in block <logic>. This FF/Latch will be trimmed during the optimization process.
WARNING:Xst:1895 - Due to other FF/Latch trimming, FF/Latch <disp_6> (without init value) has a constant value of 1 in block <logic>. This FF/Latch will be trimmed during the optimization process.

Optimizing unit <logic> ...

Mapping all equations...
Building and optimizing final netlist ...
Found area constraint ratio of 100 (+ 5) on block logic, actual ratio is 0.

Final Macro Processing ...

=========================================================================
Final Register Report

Macro Statistics
# Registers                                            : 30
 Flip-Flops                                            : 30

=========================================================================

=========================================================================
*                           Partition Report                            *
=========================================================================

Partition Implementation Status
-------------------------------

  No Partitions were found in this design.

-------------------------------

=========================================================================
*                            Design Summary                             *
=========================================================================

Top Level Output File Name         : logic.ngc

Primitive and Black Box Usage:
------------------------------
# BELS                             : 176
#      GND                         : 1
#      INV                         : 1
#      LUT1                        : 26
#      LUT2                        : 28
#      LUT3                        : 3
#      LUT5                        : 5
#      LUT6                        : 11
#      MUXCY                       : 52
#      MUXF7                       : 1
#      VCC                         : 1
#      XORCY                       : 47
# FlipFlops/Latches                : 30
#      FD                          : 30
# Clock Buffers                    : 1
#      BUFGP                       : 1
# IO Buffers                       : 11
#      OBUF                        : 11

Device utilization summary:
---------------------------

Selected Device : 6slx16csg324-3 


Slice Logic Utilization: 
 Number of Slice Registers:              30  out of  18224     0%  
 Number of Slice LUTs:                   74  out of   9112     0%  
    Number used as Logic:                74  out of   9112     0%  

Slice Logic Distribution: 
 Number of LUT Flip Flop pairs used:     75
   Number with an unused Flip Flop:      45  out of     75    60%  
   Number with an unused LUT:             1  out of     75     1%  
   Number of fully used LUT-FF pairs:    29  out of     75    38%  
   Number of unique control sets:         1

IO Utilization: 
 Number of IOs:                          12
 Number of bonded IOBs:                  12  out of    232     5%  

Specific Feature Utilization:
 Number of BUFG/BUFGCTRLs:                1  out of     16     6%  

---------------------------
Partition Resource Summary:
---------------------------

  No Partitions were found in this design.

---------------------------


=========================================================================
Timing Report

NOTE: THESE TIMING NUMBERS ARE ONLY A SYNTHESIS ESTIMATE.
      FOR ACCURATE TIMING INFORMATION PLEASE REFER TO THE TRACE REPORT
      GENERATED AFTER PLACE-and-ROUTE.

Clock Information:
------------------
-----------------------------------+------------------------+-------+
Clock Signal                       | Clock buffer(FF name)  | Load  |
-----------------------------------+------------------------+-------+
clk                                | BUFGP                  | 30    |
-----------------------------------+------------------------+-------+

Asynchronous Control Signals Information:
----------------------------------------
No asynchronous control signals found in this design

Timing Summary:
---------------
Speed Grade: -3

   Minimum period: 5.033ns (Maximum Frequency: 198.704MHz)
   Minimum input arrival time before clock: No path found
   Maximum output required time after clock: 3.597ns
   Maximum combinational path delay: No path found

Timing Details:
---------------
All values displayed in nanoseconds (ns)

=========================================================================
Timing constraint: Default period analysis for Clock 'clk'
  Clock period: 5.033ns (frequency: 198.704MHz)
  Total number of paths / destination ports: 10790 / 30
-------------------------------------------------------------------------
Delay:               5.033ns (Levels of Logic = 14)
  Source:            cont_0 (FF)
  Destination:       disp_2 (FF)
  Source Clock:      clk rising
  Destination Clock: clk rising

  Data Path: cont_0 to disp_2
                                Gate     Net
    Cell:in->out      fanout   Delay   Delay  Logical Name (Net Name)
    ----------------------------------------  ------------
     FD:C->Q               2   0.447   0.616  cont_0 (cont_0)
     INV:I->O              1   0.206   0.000  Madd_cont[26]_GND_3_o_add_1_OUT_lut<0>_INV_0 (Madd_cont[26]_GND_3_o_add_1_OUT_lut<0>)
     MUXCY:S->O            1   0.172   0.000  Madd_cont[26]_GND_3_o_add_1_OUT_cy<0> (Madd_cont[26]_GND_3_o_add_1_OUT_cy<0>)
     MUXCY:CI->O           1   0.019   0.000  Madd_cont[26]_GND_3_o_add_1_OUT_cy<1> (Madd_cont[26]_GND_3_o_add_1_OUT_cy<1>)
     MUXCY:CI->O           1   0.019   0.000  Madd_cont[26]_GND_3_o_add_1_OUT_cy<2> (Madd_cont[26]_GND_3_o_add_1_OUT_cy<2>)
     MUXCY:CI->O           1   0.019   0.000  Madd_cont[26]_GND_3_o_add_1_OUT_cy<3> (Madd_cont[26]_GND_3_o_add_1_OUT_cy<3>)
     MUXCY:CI->O           1   0.019   0.000  Madd_cont[26]_GND_3_o_add_1_OUT_cy<4> (Madd_cont[26]_GND_3_o_add_1_OUT_cy<4>)
     MUXCY:CI->O           1   0.019   0.000  Madd_cont[26]_GND_3_o_add_1_OUT_cy<5> (Madd_cont[26]_GND_3_o_add_1_OUT_cy<5>)
     MUXCY:CI->O           1   0.019   0.000  Madd_cont[26]_GND_3_o_add_1_OUT_cy<6> (Madd_cont[26]_GND_3_o_add_1_OUT_cy<6>)
     MUXCY:CI->O           1   0.019   0.000  Madd_cont[26]_GND_3_o_add_1_OUT_cy<7> (Madd_cont[26]_GND_3_o_add_1_OUT_cy<7>)
     XORCY:CI->O           2   0.180   0.981  Madd_cont[26]_GND_3_o_add_1_OUT_xor<8> (cont[26]_GND_3_o_add_1_OUT<8>)
     LUT6:I0->O            2   0.203   0.617  GND_3_o_PWR_3_o_LessThan_5_o32_SW0 (N5)
     LUT6:I5->O            1   0.205   0.827  GND_3_o_PWR_3_o_LessThan_5_o32 (GND_3_o_PWR_3_o_LessThan_5_o31)
     LUT5:I1->O            1   0.203   0.000  disp_2_rstpot_G (N16)
     MUXF7:I1->O           1   0.140   0.000  disp_2_rstpot (disp_2_rstpot)
     FD:D                      0.102          disp_2
    ----------------------------------------
    Total                      5.033ns (1.991ns logic, 3.042ns route)
                                       (39.6% logic, 60.4% route)

=========================================================================
Timing constraint: Default OFFSET OUT AFTER for Clock 'clk'
  Total number of paths / destination ports: 3 / 3
-------------------------------------------------------------------------
Offset:              3.597ns (Levels of Logic = 1)
  Source:            disp_2 (FF)
  Destination:       disp<2> (PAD)
  Source Clock:      clk rising

  Data Path: disp_2 to disp<2>
                                Gate     Net
    Cell:in->out      fanout   Delay   Delay  Logical Name (Net Name)
    ----------------------------------------  ------------
     FD:C->Q               1   0.447   0.579  disp_2 (disp_2)
     OBUF:I->O                 2.571          disp_2_OBUF (disp<2>)
    ----------------------------------------
    Total                      3.597ns (3.018ns logic, 0.579ns route)
                                       (83.9% logic, 16.1% route)

=========================================================================

Cross Clock Domains Report:
--------------------------

Clock to Setup on destination clock clk
---------------+---------+---------+---------+---------+
               | Src:Rise| Src:Fall| Src:Rise| Src:Fall|
Source Clock   |Dest:Rise|Dest:Rise|Dest:Fall|Dest:Fall|
---------------+---------+---------+---------+---------+
clk            |    5.033|         |         |         |
---------------+---------+---------+---------+---------+

=========================================================================


Total REAL time to Xst completion: 18.00 secs
Total CPU time to Xst completion: 17.64 secs
 
--> 


Total memory usage is 370460 kilobytes

Number of errors   :    0 (   0 filtered)
Number of warnings :   10 (   0 filtered)
Number of infos    :    0 (   0 filtered)

